00:00 +0: loading D:/proje/edebina_3d/test/board_golden_test.dart
flutter : test/board_golden_t
est.dart:28:7: Error: No name
d parameter with the name 'sa
feAreaPadding'.
At line:1 char:1
+ flutter test test/board_gol
den_test.dart > test_output.t
xt 2>&1
+ ~~~~~~~~~~~~~~~~~~~~~~~~~~~
~~~~~~~~~~~~~~~~~~~~~~~~~~~~~
~~~~~~~
    + CategoryInfo           
   : NotSpecified: (test/bo  
  ard_gold...feAreaPadding   
 '.:String) [], RemoteExc    
eption
    + FullyQualifiedErrorId  
   : NativeCommandError
 
      safeAreaPadding: EdgeIn
sets.zero,
      ^^^^^^^^^^^^^^^
lib/core/utils/board_layout_c
onfig.dart:40:3: Context: Fou
nd this candidate, but the ar
guments don't match.
  BoardLayoutConfig({required
 this.screenWidth, required t
his.screenHeight}) {
  ^^^^^^^^^^^^^^^^^
00:00 +0 -1: loading D:/proje/edebina_3d/test/board_golden_test.dart [E]
  Failed to load "D:/proje/edebina_3d/test/board_golden_test.dart":
  Compilation failed for testPath=D:/proje/edebina_3d/test/board_golden_test.dart: test/board_golden_test.dart:28:7: Error: No named parameter with the name 'safeAreaPadding'.
        safeAreaPadding: EdgeInsets.zero,
        ^^^^^^^^^^^^^^^
  lib/core/utils/board_layout_config.dart:40:3: Context: Found this candidate, but the arguments don't match.
    BoardLayoutConfig({required this.screenWidth, required this.screenHeight}) {
    ^^^^^^^^^^^^^^^^^
  .
00:00 +0 -1: Some tests failed.
